[4730816411131500]
result = ""
error = ""
errortext = ""
ref = ""
responsecode = ""
cvv2response = ""
postdate = ""
udf1 = ""
udf2 = ""
udf3 = ""
udf4 = ""
udf5 = ""
tranid = "1439831411131500"
auth = ""
avr = ""
trackid = "1369892469"

[6001204461131500]
result = ""
error = ""
errortext = ""
ref = ""
responsecode = ""
cvv2response = ""
postdate = ""
udf1 = ""
udf2 = ""
udf3 = ""
udf4 = ""
udf5 = ""
tranid = "6024295461131500"
auth = ""
avr = ""
trackid = "1369892789"

[2028598061631500]
result = "CAPTURED"
error = ""
errortext = ""
ref = "315016005192"
responsecode = "00"
cvv2response = ""
postdate = "0531"
udf1 = "Test PaymentInit"
udf2 = ""
udf3 = ""
udf4 = ""
udf5 = ""
tranid = "7844224071631500"
auth = "701510"
avr = ""
trackid = "1369908414"

[8325822071631500]
result = "APPROVED"
error = ""
errortext = ""
ref = "315016005194"
responsecode = "00"
cvv2response = ""
postdate = "0531"
udf1 = "Test PaymentInit"
udf2 = ""
udf3 = ""
udf4 = ""
udf5 = ""
tranid = "3384127071631500"
auth = "688346"
avr = ""
trackid = "1369908458"

[5968348081631500]
result = ""
error = ""
errortext = ""
ref = ""
responsecode = ""
cvv2response = ""
postdate = ""
udf1 = ""
udf2 = ""
udf3 = ""
udf4 = ""
udf5 = ""
tranid = "4895163081631500"
auth = ""
avr = ""
trackid = "1369908497"

[2718276191631500]
result = "CAPTURED"
error = ""
errortext = ""
ref = "315016005198"
responsecode = "00"
cvv2response = ""
postdate = "0531"
udf1 = "Test PaymentInit"
udf2 = ""
udf3 = ""
udf4 = ""
udf5 = ""
tranid = "2784998191631500"
auth = "203383"
avr = ""
trackid = "1369909146"

[7003596311631500]
result = "CAPTURED"
error = ""
errortext = ""
ref = "315016764683"
responsecode = "00"
cvv2response = ""
postdate = "0531"
udf1 = "Test PaymentInit"
udf2 = ""
udf3 = ""
udf4 = ""
udf5 = ""
tranid = "4094023311631500"
auth = "401964"
avr = ""
trackid = "1369909902"

[9273852141731500]
result = ""
error = ""
errortext = ""
ref = ""
responsecode = ""
cvv2response = ""
postdate = ""
udf1 = ""
udf2 = ""
udf3 = ""
udf4 = ""
udf5 = ""
tranid = "7949701141731500"
auth = ""
avr = ""
trackid = "1369912455"

[8877920171731500]
result = ""
error = ""
errortext = ""
ref = ""
responsecode = ""
cvv2response = ""
postdate = ""
udf1 = ""
udf2 = ""
udf3 = ""
udf4 = ""
udf5 = ""
tranid = "3840914171731500"
auth = ""
avr = ""
trackid = "1369912632"

[2624415241731500]
result = ""
error = ""
errortext = ""
ref = ""
responsecode = ""
cvv2response = ""
postdate = ""
udf1 = ""
udf2 = ""
udf3 = ""
udf4 = ""
udf5 = ""
tranid = "4581654241731500"
auth = ""
avr = ""
trackid = "1369913093"

[8875737331731500]
result = "APPROVED"
error = ""
errortext = ""
ref = "315017735990"
responsecode = "00"
cvv2response = ""
postdate = "0531"
udf1 = "Test PaymentInit"
udf2 = ""
udf3 = ""
udf4 = ""
udf5 = ""
tranid = "8739795331731500"
auth = "107752"
avr = ""
trackid = "1369913606"

[nonkeyedsection]
result = ""
error = ""
errortext = ""
ref = ""
responsecode = ""
cvv2response = ""
postdate = ""
udf1 = ""
udf2 = ""
udf3 = ""
udf4 = ""
udf5 = ""
tranid = ""
auth = ""
avr = ""
trackid = "1369913606"

